ghbjnkml
